
> touch-qa@0.1.0 start
> react-scripts start

(node:2738) [DEP_WEBPACK_DEV_SERVER_ON_AFTER_SETUP_MIDDLEWARE] DeprecationWarning: 'onAfterSetupMiddleware' option is deprecated. Please use the 'setupMiddlewares' option.
(Use `node --trace-deprecation ...` to show where the warning was created)
(node:2738) [DEP_WEBPACK_DEV_SERVER_ON_BEFORE_SETUP_MIDDLEWARE] DeprecationWarning: 'onBeforeSetupMiddleware' option is deprecated. Please use the 'setupMiddlewares' option.
Starting the development server...

Failed to compile.

Error: It looks like you're trying to use `tailwindcss` directly as a PostCSS plugin. The PostCSS plugin has moved to a separate package, so to continue using Tailwind CSS with PostCSS you'll need to install `@tailwindcss/postcss` and update your PostCSS configuration.
ERROR in ./src/index.css (./node_modules/css-loader/dist/cjs.js??ruleSet[1].rules[1].oneOf[5].use[1]!./node_modules/postcss-loader/dist/cjs.js??ruleSet[1].rules[1].oneOf[5].use[2]!./node_modules/source-map-loader/dist/cjs.js!./src/index.css)
Module build failed (from ./node_modules/postcss-loader/dist/cjs.js):
Error: It looks like you're trying to use `tailwindcss` directly as a PostCSS plugin. The PostCSS plugin has moved to a separate package, so to continue using Tailwind CSS with PostCSS you'll need to install `@tailwindcss/postcss` and update your PostCSS configuration.
    at We (/workspace/touch-qa/node_modules/tailwindcss/dist/lib.js:37:1635)
    at LazyResult.runOnRoot (/workspace/touch-qa/node_modules/postcss/lib/lazy-result.js:361:16)
    at LazyResult.runAsync (/workspace/touch-qa/node_modules/postcss/lib/lazy-result.js:290:26)
    at LazyResult.async (/workspace/touch-qa/node_modules/postcss/lib/lazy-result.js:192:30)
    at LazyResult.then (/workspace/touch-qa/node_modules/postcss/lib/lazy-result.js:436:17)

webpack compiled with 1 error
Files successfully emitted, waiting for typecheck results...
Issues checking in progress...
No issues found.
Compiling...
Failed to compile.

Error: It looks like you're trying to use `tailwindcss` directly as a PostCSS plugin. The PostCSS plugin has moved to a separate package, so to continue using Tailwind CSS with PostCSS you'll need to install `@tailwindcss/postcss` and update your PostCSS configuration.
ERROR in ./src/index.css (./node_modules/css-loader/dist/cjs.js??ruleSet[1].rules[1].oneOf[5].use[1]!./node_modules/postcss-loader/dist/cjs.js??ruleSet[1].rules[1].oneOf[5].use[2]!./node_modules/source-map-loader/dist/cjs.js!./src/index.css)
Module build failed (from ./node_modules/postcss-loader/dist/cjs.js):
Error: It looks like you're trying to use `tailwindcss` directly as a PostCSS plugin. The PostCSS plugin has moved to a separate package, so to continue using Tailwind CSS with PostCSS you'll need to install `@tailwindcss/postcss` and update your PostCSS configuration.
    at We (/workspace/touch-qa/node_modules/tailwindcss/dist/lib.js:37:1635)
    at LazyResult.runOnRoot (/workspace/touch-qa/node_modules/postcss/lib/lazy-result.js:361:16)
    at LazyResult.runAsync (/workspace/touch-qa/node_modules/postcss/lib/lazy-result.js:290:26)
    at LazyResult.async (/workspace/touch-qa/node_modules/postcss/lib/lazy-result.js:192:30)
    at LazyResult.then (/workspace/touch-qa/node_modules/postcss/lib/lazy-result.js:436:17)
    at processTicksAndRejections (node:internal/process/task_queues:105:5)
    at runNextTicks (node:internal/process/task_queues:69:3)
    at process.processImmediate (node:internal/timers:453:9)

webpack compiled with 1 error
No issues found.
Compiling...
Failed to compile.

Error: It looks like you're trying to use `tailwindcss` directly as a PostCSS plugin. The PostCSS plugin has moved to a separate package, so to continue using Tailwind CSS with PostCSS you'll need to install `@tailwindcss/postcss` and update your PostCSS configuration.
ERROR in ./src/index.css (./node_modules/css-loader/dist/cjs.js??ruleSet[1].rules[1].oneOf[5].use[1]!./node_modules/postcss-loader/dist/cjs.js??ruleSet[1].rules[1].oneOf[5].use[2]!./node_modules/source-map-loader/dist/cjs.js!./src/index.css)
Module build failed (from ./node_modules/postcss-loader/dist/cjs.js):
Error: It looks like you're trying to use `tailwindcss` directly as a PostCSS plugin. The PostCSS plugin has moved to a separate package, so to continue using Tailwind CSS with PostCSS you'll need to install `@tailwindcss/postcss` and update your PostCSS configuration.
    at We (/workspace/touch-qa/node_modules/tailwindcss/dist/lib.js:37:1635)
    at LazyResult.runOnRoot (/workspace/touch-qa/node_modules/postcss/lib/lazy-result.js:361:16)
    at LazyResult.runAsync (/workspace/touch-qa/node_modules/postcss/lib/lazy-result.js:290:26)
    at LazyResult.async (/workspace/touch-qa/node_modules/postcss/lib/lazy-result.js:192:30)
    at LazyResult.then (/workspace/touch-qa/node_modules/postcss/lib/lazy-result.js:436:17)
    at process.processTicksAndRejections (node:internal/process/task_queues:105:5)

webpack compiled with 1 error
No issues found.
